#
# There is insufficient memory for the Java Runtime Environment to continue.
# Native memory allocation (mmap) failed to map 1073741824 bytes. Error detail: G1 virtual space
# Possible reasons:
#   The system is out of physical RAM or swap space
#   This process is running with CompressedOops enabled, and the Java Heap may be blocking the growth of the native heap
# Possible solutions:
#   Reduce memory load on the system
#   Increase physical memory or swap space
#   Check if swap backing store is full
#   Decrease Java heap size (-Xmx/-Xms)
#   Decrease number of Java threads
#   Decrease Java thread stack sizes (-Xss)
#   Set larger code cache with -XX:ReservedCodeCacheSize=
#   JVM is running with Zero Based Compressed Oops mode in which the Java heap is
#     placed in the first 32GB address space. The Java Heap base address is the
#     maximum limit for the native heap growth. Please use -XX:HeapBaseMinAddress
#     to set the Java Heap base and to place the Java Heap above 32GB virtual address.
# This output file may be truncated or incomplete.
#
#  Out of Memory Error (os_windows.cpp:3898), pid=2888, tid=26768
#
# JRE version:  (21.0.7+6) (build )
# Java VM: OpenJDK 64-Bit Server VM (21.0.7+6-b1038.54, mixed mode, emulated-client, sharing, tiered, compressed oops, compressed class ptrs, g1 gc, windows-amd64)
# No core dump will be written. Minidumps are not enabled by default on client versions of Windows
#

---------------  S U M M A R Y ------------

Command Line: -XX:TieredStopAtLevel=1 -Dspring.output.ansi.enabled=always -Dcom.sun.management.jmxremote -Dspring.jmx.enabled=true -Dspring.liveBeansView.mbeanDomain -Dspring.application.admin.enabled=true -Dmanagement.endpoints.jmx.exposure.include=* -javaagent:D:\develop\IDEA\lib\idea_rt.jar=54843 -Dfile.encoding=UTF-8 -Dsun.stdout.encoding=UTF-8 -Dsun.stderr.encoding=UTF-8 org.example.lemonsmb.LemonSmbApplication

Host: 11th Gen Intel(R) Core(TM) i7-11800H @ 2.30GHz, 16 cores, 63G,  Windows 10 , 64 bit Build 19041 (10.0.19041.5438)
Time: Tue Jul  8 23:00:52 2025  Windows 10 , 64 bit Build 19041 (10.0.19041.5438) elapsed time: 0.008346 seconds (0d 0h 0m 0s)

---------------  T H R E A D  ---------------

Current thread (0x0000017aab98a9d0):  JavaThread "Unknown thread" [_thread_in_vm, id=26768, stack(0x00000042fe000000,0x00000042fe100000) (1024K)]

Stack: [0x00000042fe000000,0x00000042fe100000]
Native frames: (J=compiled Java code, j=interpreted, Vv=VM code, C=native code)
V  [jvm.dll+0x6e7c19]
V  [jvm.dll+0x8c5f53]
V  [jvm.dll+0x8c84ae]
V  [jvm.dll+0x8c8b93]
V  [jvm.dll+0x2899e6]
V  [jvm.dll+0x6e4455]
V  [jvm.dll+0x6d7f1a]
V  [jvm.dll+0x3640db]
V  [jvm.dll+0x36bca6]
V  [jvm.dll+0x3be046]
V  [jvm.dll+0x3be318]
V  [jvm.dll+0x33681c]
V  [jvm.dll+0x33750b]
V  [jvm.dll+0x88d3b9]
V  [jvm.dll+0x3cb218]
V  [jvm.dll+0x876408]
V  [jvm.dll+0x45ff5e]
V  [jvm.dll+0x461c41]
C  [jli.dll+0x52ab]
C  [ucrtbase.dll+0x21bb2]
C  [KERNEL32.DLL+0x17374]
C  [ntdll.dll+0x4cc91]


---------------  P R O C E S S  ---------------

Threads class SMR info:
_java_thread_list=0x00007fffa601d188, length=0, elements={
}

Java Threads: ( => current thread )
Total: 0

Other Threads:
  0x0000017aaba31920 WorkerThread "GC Thread#0"                     [id=26968, stack(0x00000042fe100000,0x00000042fe200000) (1024K)]
  0x0000017aaba43490 ConcurrentGCThread "G1 Main Marker"            [id=29880, stack(0x00000042fe200000,0x00000042fe300000) (1024K)]
  0x0000017aaba44050 WorkerThread "G1 Conc#0"                       [id=23212, stack(0x00000042fe300000,0x00000042fe400000) (1024K)]

[error occurred during error reporting (printing all threads), id 0xc0000005, EXCEPTION_ACCESS_VIOLATION (0xc0000005) at pc=0x00007fffa57098f7]
VM state: not at safepoint (not fully initialized)

VM Mutex/Monitor currently owned by a thread:  ([mutex/lock_event])
[0x00007fffa6091bc8] Heap_lock - owner thread: 0x0000017aab98a9d0

Heap address: 0x0000000404800000, size: 16312 MB, Compressed Oops mode: Zero based, Oop shift amount: 3

CDS archive(s) mapped at: [0x0000000000000000-0x0000000000000000-0x0000000000000000), size 0, SharedBaseAddress: 0x0000000800000000, ArchiveRelocationMode: 1.
Narrow klass base: 0x0000000000000000, Narrow klass shift: 0, Narrow klass range: 0x0

GC Precious Log:
 CardTable entry size: 512
 Card Set container configuration: InlinePtr #cards 4 size 8 Array Of Cards #cards 64 size 144 Howl #buckets 8 coarsen threshold 14745 Howl Bitmap #cards 2048 size 272 coarsen threshold 1843 Card regions per heap region 1 cards per card region 16384

Heap:
 garbage-first heap   total 0K, used 0K [0x0000000404800000, 0x0000000800000000)
  region size 8192K, 0 young (0K), 0 survivors (0K)
 Metaspace       used 0K, committed 0K, reserved 0K
  class space    used 0K, committed 0K, reserved 0K

Heap Regions: E=young(eden), S=young(survivor), O=old, HS=humongous(starts), HC=humongous(continues), CS=collection set, F=free, TAMS=top-at-mark-start, PB=parsable bottom

Card table byte_map: [0x0000017ab5010000,0x0000017ab6ff0000] _byte_map_base: 0x0000017ab2fec000

Marking Bits: (CMBitMap*) 0x0000017aaba31cd0
 Bits: [0x0000017ab6ff0000, 0x0000017ac6ed0000)

GC Heap History (0 events):
No events

Dll operation events (1 events):
Event: 0.004 Loaded shared library D:\jdk\jdk-21\bin\java.dll

Deoptimization events (0 events):
No events

Classes loaded (0 events):
No events

Classes unloaded (0 events):
No events

Classes redefined (0 events):
No events

Internal exceptions (0 events):
No events

ZGC Phase Switch (0 events):
No events

VM Operations (0 events):
No events

Memory protections (0 events):
No events

Nmethod flushes (0 events):
No events

Events (0 events):
No events


Dynamic libraries:
0x00007ff642300000 - 0x00007ff64230a000 	D:\jdk\jdk-21\bin\java.exe
0x00007ff839910000 - 0x00007ff839b08000 	C:\Windows\SYSTEM32\ntdll.dll
0x00007ff8383e0000 - 0x00007ff8384a2000 	C:\Windows\System32\KERNEL32.DLL
0x00007ff837250000 - 0x00007ff83754f000 	C:\Windows\System32\KERNELBASE.dll
0x00007ff8376b0000 - 0x00007ff8377b0000 	C:\Windows\System32\ucrtbase.dll
0x00007ff82d6f0000 - 0x00007ff82d708000 	D:\jdk\jdk-21\bin\jli.dll
0x00007ff82cab0000 - 0x00007ff82cacb000 	D:\jdk\jdk-21\bin\VCRUNTIME140.dll
0x00007ff838b20000 - 0x00007ff838cbd000 	C:\Windows\System32\USER32.dll
0x00007ff8371f0000 - 0x00007ff837212000 	C:\Windows\System32\win32u.dll
0x00007ff820920000 - 0x00007ff820bba000 	C:\Windows\WinSxS\amd64_microsoft.windows.common-controls_6595b64144ccf1df_6.0.19041.4355_none_60b8b9eb71f62e16\COMCTL32.dll
0x00007ff837f30000 - 0x00007ff837f5b000 	C:\Windows\System32\GDI32.dll
0x00007ff839870000 - 0x00007ff83990e000 	C:\Windows\System32\msvcrt.dll
0x00007ff8370d0000 - 0x00007ff8371ea000 	C:\Windows\System32\gdi32full.dll
0x00007ff8378d0000 - 0x00007ff83796d000 	C:\Windows\System32\msvcp_win.dll
0x00007ff838520000 - 0x00007ff83854f000 	C:\Windows\System32\IMM32.DLL
0x00007ff831450000 - 0x00007ff83145c000 	D:\jdk\jdk-21\bin\vcruntime140_1.dll
0x00007ff820180000 - 0x00007ff82020d000 	D:\jdk\jdk-21\bin\msvcp140.dll
0x00007fffa53c0000 - 0x00007fffa6184000 	D:\jdk\jdk-21\bin\server\jvm.dll
0x00007ff839610000 - 0x00007ff8396bf000 	C:\Windows\System32\ADVAPI32.dll
0x00007ff838a60000 - 0x00007ff838aff000 	C:\Windows\System32\sechost.dll
0x00007ff837e00000 - 0x00007ff837f23000 	C:\Windows\System32\RPCRT4.dll
0x00007ff837220000 - 0x00007ff837247000 	C:\Windows\System32\bcrypt.dll
0x00007ff8388b0000 - 0x00007ff83891b000 	C:\Windows\System32\WS2_32.dll
0x00007ff836520000 - 0x00007ff83656b000 	C:\Windows\SYSTEM32\POWRPROF.dll
0x00007ff829ba0000 - 0x00007ff829bc7000 	C:\Windows\SYSTEM32\WINMM.dll
0x00007ff82df30000 - 0x00007ff82df3a000 	C:\Windows\SYSTEM32\VERSION.dll
0x00007ff8363f0000 - 0x00007ff836402000 	C:\Windows\SYSTEM32\UMPDC.dll
0x00007ff835860000 - 0x00007ff835872000 	C:\Windows\SYSTEM32\kernel.appcore.dll
0x00007ff830470000 - 0x00007ff83047a000 	D:\jdk\jdk-21\bin\jimage.dll
0x00007ff835530000 - 0x00007ff835714000 	C:\Windows\SYSTEM32\DBGHELP.DLL
0x00007ff815f80000 - 0x00007ff815fb4000 	C:\Windows\SYSTEM32\dbgcore.DLL
0x00007ff836ff0000 - 0x00007ff837072000 	C:\Windows\System32\bcryptPrimitives.dll
0x00007ff820390000 - 0x00007ff82039e000 	D:\jdk\jdk-21\bin\instrument.dll
0x00007ff8203d0000 - 0x00007ff8203f0000 	D:\jdk\jdk-21\bin\java.dll

dbghelp: loaded successfully - version: 4.0.5 - missing functions: none
symbol engine: initialized successfully - sym options: 0x614 - pdb path: .;D:\jdk\jdk-21\bin;C:\Windows\SYSTEM32;C:\Windows\WinSxS\amd64_microsoft.windows.common-controls_6595b64144ccf1df_6.0.19041.4355_none_60b8b9eb71f62e16;D:\jdk\jdk-21\bin\server

VM Arguments:
jvm_args: -XX:TieredStopAtLevel=1 -Dspring.output.ansi.enabled=always -Dcom.sun.management.jmxremote -Dspring.jmx.enabled=true -Dspring.liveBeansView.mbeanDomain -Dspring.application.admin.enabled=true -Dmanagement.endpoints.jmx.exposure.include=* -javaagent:D:\develop\IDEA\lib\idea_rt.jar=54843 -Dfile.encoding=UTF-8 -Dsun.stdout.encoding=UTF-8 -Dsun.stderr.encoding=UTF-8 
java_command: org.example.lemonsmb.LemonSmbApplication
java_class_path (initial): E:\Biancheng\Java\LemonSMB\target\classes;D:\entrepot\maven\org\springframework\boot\spring-boot-starter-data-redis-reactive\2.6.13\spring-boot-starter-data-redis-reactive-2.6.13.jar;D:\entrepot\maven\org\springframework\boot\spring-boot-starter-data-redis\2.6.13\spring-boot-starter-data-redis-2.6.13.jar;D:\entrepot\maven\org\springframework\data\spring-data-redis\2.6.9\spring-data-redis-2.6.9.jar;D:\entrepot\maven\org\springframework\data\spring-data-keyvalue\2.6.9\spring-data-keyvalue-2.6.9.jar;D:\entrepot\maven\org\springframework\data\spring-data-commons\2.6.9\spring-data-commons-2.6.9.jar;D:\entrepot\maven\org\springframework\spring-tx\5.3.23\spring-tx-5.3.23.jar;D:\entrepot\maven\org\springframework\spring-oxm\5.3.23\spring-oxm-5.3.23.jar;D:\entrepot\maven\org\springframework\spring-context-support\5.3.23\spring-context-support-5.3.23.jar;D:\entrepot\maven\io\lettuce\lettuce-core\6.1.10.RELEASE\lettuce-core-6.1.10.RELEASE.jar;D:\entrepot\maven\io\netty\netty-common\4.1.84.Final\netty-common-4.1.84.Final.jar;D:\entrepot\maven\io\netty\netty-handler\4.1.84.Final\netty-handler-4.1.84.Final.jar;D:\entrepot\maven\io\netty\netty-resolver\4.1.84.Final\netty-resolver-4.1.84.Final.jar;D:\entrepot\maven\io\netty\netty-buffer\4.1.84.Final\netty-buffer-4.1.84.Final.jar;D:\entrepot\maven\io\netty\netty-transport-native-unix-common\4.1.84.Final\netty-transport-native-unix-common-4.1.84.Final.jar;D:\entrepot\maven\io\netty\netty-codec\4.1.84.Final\netty-codec-4.1.84.Final.jar;D:\entrepot\maven\io\netty\netty-transport\4.1.84.Final\netty-transport-4.1.84.Final.jar;D:\entrepot\maven\org\springframework\boot\spring-boot-starter-thymeleaf\2.6.13\spring-boot-starter-thymeleaf-2.6.13.jar;D:\entrepot\maven\org\springframework\boot\spring-boot-starter\2.6.13\spring-boot-starter-2.6.13.jar;D:\entrepot\maven\org\springframework\boot\spring-boot\2.6.13\spring-boot-2.6.13.jar;D:\entrepot\maven\org\springframework\boot\spring-boot-autoconfigure\2.6.13\spring-boot-autoconfigure-2.6.13.jar;D:\entrepot\maven\org\springframework\boot\spring-boot-starter-logging\2.6.13\spring-boot-starter-logging-2.6.13.jar;D:\entrepot\maven\ch\qos\logback\logback-classic\1.2.11\logback-classic-1.2.11.jar;D:\entrepot\maven\ch\qos\logback\logback-core\1.2.11\logback-core-1.2.11.jar;D:\entrepot\maven\org\apache\logging\log4j\log4j-to-slf4j\2.17.2\log4j-to-slf4j-2.17.2.jar;D:\entrepot\maven\org\apache\logging\log4j\log4j-api\2.17.2\log4j-api-2.17.2.jar;D:\entrepot\maven\org\slf4j\jul-to-slf4j\1.7.36\jul-to-slf4j-1.7.36.jar;D:\entrepot\maven\jakarta\annotation\jakarta.annotation-api\1.3.5\jakarta.annotation-api-1.3.5.jar;D:\entrepot\maven\org\yaml\snakeyaml\1.29\snakeyaml-1.29.jar;D:\entrepot\maven\org\thymeleaf\thymeleaf-spring5\3.0.15.RELEASE\thymeleaf-spring5-3.0.15.RELEASE.jar;D:\entrepot\maven\org\thymeleaf\thymeleaf\3.0.15.RELEASE\thymeleaf-3.0.15.RELEASE.jar;D:\entrepot\maven\org\attoparser\attoparser\2.0.5.RELEASE\attoparser-2.0.5.RELEASE.jar;D:\entrepot\maven\org\unbescape\unbescape\1.1.6.RELEASE\unbescape-1.1.6.RELEASE.jar;D:\entrepot\maven\org\thymeleaf\extras\thymeleaf-extras-java8time\3.0.4.RELEASE\thymeleaf-extras-java8time-3.0.4.RELEASE.jar;D:\entrepot\maven\org\springframework\boot\spring-boot-starter-web\2.6.13\spring-boot-starter-web-2.6.13.jar;D:\entrepot\maven\org\springframework\boot\spring-boot-starter-json\2.6.13\spring-boot-starter-json-2.6.13.jar;D:\entrepot\maven\com\fasterxml\jackson\core\jackson-databind\2.13.4.2\jackson-databind-2.13.4.2.jar;D:\entrepot\maven\com\fasterxml\jackson\core\jackson-annotations\2.13.4\jackson-annotations-2.13.4.jar;D:\entrepot\maven\com\fasterxml\jackson\core\jackson-core\2.13.4\jackson-core-2.13.4.jar;D:\entrepot\maven\com\fasterxml\jackson\datatype\jackson-datatype-jdk8\2.13.4\jackson-datatype-jdk8-2.13.4.jar;D:\entrepot\maven\com\fasterxml\jackson\datatype\jackson-datatype-jsr310\2.13.4\jackson-datatype-jsr310-2.13.4.jar;D:\entrepot\maven\com\fasterxml\jackson\module\jackson-module-parameter-names\2.13.4\jackson-module-parameter-names-2.13.4.jar;D:\entrepot\maven\org\springframework\boot\spring-boot-starter-tomcat\2.6.13\spring-boot-starter-tomcat-2.6.13.jar;D:\entrepot\maven\org\apache\tomcat\embed\tomcat-embed-core\9.0.68\tomcat-embed-core-9.0.68.jar;D:\entrepot\maven\org\apache\tomcat\embed\tomcat-embed-el\9.0.68\tomcat-embed-el-9.0.68.jar;D:\entrepot\maven\org\apache\tomcat\embed\tomcat-embed-websocket\9.0.68\tomcat-embed-websocket-9.0.68.jar;D:\entrepot\maven\org\springframework\spring-web\5.3.23\spring-web-5.3.23.jar;D:\entrepot\maven\org\springframework\spring-beans\5.3.23\spring-beans-5.3.23.jar;D:\entrepot\maven\org\springframework\spring-webmvc\5.3.23\spring-webmvc-5.3.23.jar;D:\entrepot\maven\org\springframework\spring-aop\5.3.23\spring-aop-5.3.23.jar;D:\entrepot\maven\org\springframework\spring-context\5.3.23\spring-context-5.3.23.jar;D:\entrepot\maven\org\springframework\spring-expression\5.3.23\spring-expression-5.3.23.jar;D:\entrepot\maven\org\springframework\spring-core\5.3.23\spring-core-5.3.23.jar;D:\entrepot\maven\org\springframework\spring-jcl\5.3.23\spring-jcl-5.3.23.jar;D:\entrepot\maven\io\projectreactor\reactor-core\3.4.24\reactor-core-3.4.24.jar;D:\entrepot\maven\org\reactivestreams\reactive-streams\1.0.4\reactive-streams-1.0.4.jar;D:\entrepot\maven\com\hierynomus\smbj\0.11.3\smbj-0.11.3.jar;D:\entrepot\maven\org\slf4j\slf4j-api\1.7.36\slf4j-api-1.7.36.jar;D:\entrepot\maven\org\bouncycastle\bcprov-jdk15on\1.69\bcprov-jdk15on-1.69.jar;D:\entrepot\maven\net\engio\mbassador\1.3.0\mbassador-1.3.0.jar;D:\entrepot\maven\com\hierynomus\asn-one\0.5.0\asn-one-0.5.0.jar
Launcher Type: SUN_STANDARD

[Global flags]
     intx CICompilerCount                          = 12                                        {product} {ergonomic}
     uint ConcGCThreads                            = 3                                         {product} {ergonomic}
     uint G1ConcRefinementThreads                  = 13                                        {product} {ergonomic}
   size_t G1HeapRegionSize                         = 8388608                                   {product} {ergonomic}
    uintx GCDrainStackTargetSize                   = 64                                        {product} {ergonomic}
   size_t InitialHeapSize                          = 1073741824                                {product} {ergonomic}
     bool ManagementServer                         = true                                      {product} {command line}
   size_t MarkStackSize                            = 4194304                                   {product} {ergonomic}
   size_t MaxHeapSize                              = 17104371712                               {product} {ergonomic}
   size_t MinHeapDeltaBytes                        = 8388608                                   {product} {ergonomic}
   size_t MinHeapSize                              = 8388608                                   {product} {ergonomic}
    uintx NonNMethodCodeHeapSize                   = 4096                                   {pd product} {ergonomic}
    uintx NonProfiledCodeHeapSize                  = 0                                      {pd product} {ergonomic}
     bool ProfileInterpreter                       = false                                  {pd product} {command line}
    uintx ProfiledCodeHeapSize                     = 0                                      {pd product} {ergonomic}
   size_t SoftMaxHeapSize                          = 17104371712                            {manageable} {ergonomic}
     intx TieredStopAtLevel                        = 1                                         {product} {command line}
     bool UseCompressedOops                        = true                           {product lp64_product} {ergonomic}
     bool UseG1GC                                  = true                                      {product} {ergonomic}
     bool UseLargePagesIndividualAllocation        = false                                  {pd product} {ergonomic}

Logging:
Log output configuration:
 #0: stdout all=warning uptime,level,tags foldmultilines=false
 #1: stderr all=off uptime,level,tags foldmultilines=false

Environment Variables:
JAVA_HOME=D:\jdk\jdk-21
PATH=D:\VMware\bin\;C:\Program Files\NVIDIA GPU Computing Toolkit\CUDA\v12.8\bin;C:\Program Files\NVIDIA GPU Computing Toolkit\CUDA\v12.8\libnvvp;C:\Windows;C:\Windows\System32;C:\Windows\System32\Wbem;C:\Windows\System32\WindowsPowerShell\v1.0\;C:\Program Files\dotnet\;C:\Program Files\NVIDIA Corporation\NVIDIA app\NvDLISR;C:\Program Files (x86)\NVIDIA Corporation\PhysX\Common;D:\Bandizip\Bandizip;D:\uv;D:\Git\bin;D:\jdk\jdk-21\bin;D:\Build-Tools\Apache-Maven\bin;D:\Build-Tools\Gradle\bin;D:\entrepot\gradle;D:\lemon\;D:\vim;D:\volta;D:\entrepot\node_global;D:\Anaconda;D:\Anaconda\Scripts;D:\Anaconda\bin;D:\Anaconda\Library\mingw-w64\bin;.;D:\NetSarang\Xshell\;D:\NetSarang\Xftp\;C:\Program Files\NVIDIA Corporation\Nsight Compute 2025.1.1\;D:\Build-Tools\Apache-Maven\mvn\bin;C:\Users\Lemon\AppData\Local\Microsoft\WindowsApps;d:\develop\Cursor\App\resources\app\bin;C:\Users\Lemon\AppData\Local\Microsoft\WindowsApps;D:\develop\Cursor\App\resources\app\bin
USERNAME=Lemon
OS=Windows_NT
PROCESSOR_IDENTIFIER=Intel64 Family 6 Model 141 Stepping 1, GenuineIntel
TMP=C:\Users\Lemon\AppData\Local\Temp
TEMP=C:\Users\Lemon\AppData\Local\Temp




Periodic native trim disabled

JNI global refs:
JNI global refs: 0, weak refs: 0

JNI global refs memory usage: 0, weak refs: 0

Process memory usage:
Resident Set Size: 11708K (0% of 66803016K total physical memory with 5781688K free physical memory)

OOME stack traces (most recent first):
Classloader memory used:

---------------  S Y S T E M  ---------------

OS:
 Windows 10 , 64 bit Build 19041 (10.0.19041.5438)
OS uptime: 1 days 12:27 hours

CPU: total 16 (initial active 16) (8 cores per cpu, 2 threads per core) family 6 model 141 stepping 1 microcode 0x32, cx8, cmov, fxsr, ht, mmx, 3dnowpref, sse, sse2, sse3, ssse3, sse4.1, sse4.2, popcnt, lzcnt, tsc, tscinvbit, avx, avx2, aes, erms, clmul, bmi1, bmi2, adx, avx512f, avx512dq, avx512cd, avx512bw, avx512vl, sha, fma, vzeroupper, avx512_vpopcntdq, avx512_vpclmulqdq, avx512_vaes, avx512_vnni, clflush, clflushopt, clwb, avx512_vbmi2, avx512_vbmi, rdtscp, rdpid, fsrm, gfni, avx512_bitalg, f16c, pku, cet_ibt, cet_ss, avx512_ifma
Processor Information for the first 16 processors :
  Max Mhz: 2304, Current Mhz: 2304, Mhz Limit: 2304

Memory: 4k page, system-wide physical 65237M (5646M free)
TotalPageFile size 65237M (AvailPageFile size 494M)
current process WorkingSet (physical memory assigned to process): 11M, peak: 11M
current process commit charge ("private bytes"): 66M, peak: 1090M

vm_info: OpenJDK 64-Bit Server VM (21.0.7+6-b1038.54) for windows-amd64 JRE (21.0.7+6-b1038.54), built on 2025-06-14 by "builduser" with MS VC++ 16.10 / 16.11 (VS2019)

END.
